Mono path[0] = 'C:/Users/brian/Dev/active/Dream Loop Astra/Unity/Vesper/Builds/VesperWeatherWorld_W10/VesperLinear_Data/Managed'
Mono config path = 'C:/Users/brian/Dev/active/Dream Loop Astra/Unity/Vesper/Builds/VesperWeatherWorld_W10/MonoBleedingEdge/etc'
CodeReloadManager initialized
Input System module state changed to: Initialized.
[Physics::Module] Initialized fallback backend.
[Physics::Module] Id: 0xdecafbad
Initialize engine version: 6000.5.7f1 (017862109af0)
[Subsystems] Discovering subsystems at path C:/Users/brian/Dev/active/Dream Loop Astra/Unity/Vesper/Builds/VesperWeatherWorld_W10/VesperLinear_Data/UnitySubsystems
Forcing GfxDevice: Direct3D 12
GfxDevice: creating device client; kGfxThreadingModeSplitJobs
d3d12: failed to query info queue interface (0x80004002).
Direct3D:
    Version:         Direct3D 12 [level 12.2]
    Renderer:        Intel(R) Arc(TM) 130V GPU (8GB) (ID=0x64a0)
    Vendor:          Intel
    VRAM:            9071 MB
    App VRAM Budget: 8361 MB
    Driver:          32.0.101.8626
    Unified Memory Architecture
Begin MonoManager ReloadAssembly
- Finished resetting the current domain, in  0.414 seconds
[Physics::Module] Selected backend.
[Physics::Module] Name: PhysX
[Physics::Module] Id: 0xf2b8ea05
[Physics::Module] SDK Version: 4.1.2
[Physics::Module] Integration Version: 1.0.0
[Physics::Module] Threading Mode: Multi-Threaded
<RI> Initializing input.
XInput1_3.dll not found. Trying XInput9_1_0.dll instead...
<RI> Input initialized.
UnloadTime: 3.384200 ms
Failed to capture screen shot.
Failed to capture screen shot.
Failed to capture screen shot.
Failed to capture screen shot.
Failed to capture screen shot.
Failed to capture screen shot.
[Physics::Module] Cleanup current backend.
[Physics::Module] Id: 0xf2b8ea05
Input System module state changed to: ShutdownInProgress.
Input Polling Thread exited.
Input System module state changed to: Shutdown.
CodeReloadManager destroyed
